active=[]|refusals=[7=no credential for 'db-b']
active=[]|refusals=[2=still here]
active=[]|refusals=[1=a,2=b,3=c]
active=[]|refusals=[5=small,9223372036854775808=past i64,18446744073709551615=max]
active=[]|refusals=[5=second]
active=[]|refusals=[]
active=[]|refusals=[1=a]
active=[]|refusals=[9=x]
active=[]|refusals=[4=with: a colon:in it]
active=[]|refusals=[]
