OK	data=0.0.0.0:7710 admin=127.0.0.1:7711 token=admin-secret backends=[db-a|http://db-a:8892|us-east|~|1/0,0] rules=[] fallback=1/0,0 span=1/0,0 topology=[1/0,0@db-a/us-east] read=Primary cadence=5000,15000,5000 policy=15000,0.8,1,0.85,8,2,60000,30000,300000,0.02 silence=15000 probe=2000 capacity=64 store=- drain=30000 cooldown=300000
ERR	the keyspace routes to shard 9 (4,4), which no backend declares a placement for: every request that resolved there would be misdirected
ERR	shard 1 (0,0) is declared on both 'db-a' and 'db-b'; a cell has exactly one holder, and moving it is a decision this daemon makes, not a thing declared twice
ERR	environment variable FABRIC_DB_A_TOKEN is not set: no API token for FacetQL instance 'db-a'
ERR	environment variable FABRIC_ADMIN_TOKEN is not set: the admin surface reports the fleet's shape and accepts reports about work in flight, so it is never served unauthenticated
ERR	placement_store is 'db-a', but that backend declares no token_env: Fabric's own control state is written with Fabric's own credential, never the client's
ERR	silence_budget_ms (1000) is shorter than one probe interval (5000): every instance would be declared unreachable between probes
PARSE	unknown field `keysapce`, expected one of `data_listen`, `admin_listen`, `admin_token_env`, `backends`, `keyspace`, `cadence`, `policy`, `silence_budget_ms`, `probe_timeout_ms`, `placement_capacity`, `read_preference`, `placement_store`, `drain_ms`, `decision_cooldown_ms` at line 1 column 28
OK	data=0.0.0.0:7710 admin=0.0.0.0:7711 token=admin-secret backends=[facetql-a|http://facetql-a:8080|a|~|1/0,0;facetql-b|http://facetql-b:8080|b|~|2/0,0] rules=[] fallback=1/0,0 span=1/0,0 topology=[1/0,0@facetql-a/a 2/0,0@facetql-b/b] read=Primary cadence=5000,15000,5000 policy=15000,0.8,1,0.85,8,2,60000,30000,300000,0.02 silence=15000 probe=2000 capacity=64 store=- drain=30000 cooldown=300000
OK	data=0.0.0.0:7710 admin=127.0.0.1:7711 token=admin-s3cret backends=[db-a|http://a:1|default|backend-s3cret|1/0,0] rules=[] fallback=1/0,0 span=1/0,0 topology=[1/0,0@db-a/default] read=Primary cadence=5000,15000,5000 policy=15000,0.8,1,0.85,8,2,60000,30000,300000,0.02 silence=15000 probe=2000 capacity=64 store=- drain=30000 cooldown=300000
OK	data=0.0.0.0:7710 admin=127.0.0.1:7711 token=admin-secret backends=[db-a|http://a:1|default|~|1/0,0] rules=[] fallback=1/0,0 span=1/0,0 topology=[1/0,0@db-a/default] read=Primary cadence=5000,15000,5000 policy=15000,0.8,1,0.85,8,2,9000,30000,300000,0.02 silence=15000 probe=2000 capacity=64 store=- drain=30000 cooldown=300000
PARSE	EOF while parsing a value at line 1 column 0
PARSE	EOF while parsing a value at line 1 column 3
PARSE	EOF while parsing a value at line 3 column 2
PARSE	EOF while parsing an object at line 1 column 1
PARSE	EOF while parsing an object at line 1 column 11
PARSE	EOF while parsing a value at line 1 column 12
PARSE	EOF while parsing a list at line 1 column 14
PARSE	EOF while parsing an object at line 1 column 15
PARSE	trailing comma at line 1 column 17
PARSE	expected `:` at line 1 column 13
PARSE	expected `,` or `}` at line 1 column 17
PARSE	key must be a string at line 1 column 2
PARSE	key must be a string at line 1 column 17
PARSE	key must be a string at line 1 column 2
PARSE	key must be a string at line 1 column 18
PARSE	invalid length 3, expected struct ConfigFile with 14 elements at line 1 column 2
PARSE	invalid type: null, expected struct ConfigFile at line 1 column 4
PARSE	invalid type: integer `5`, expected struct ConfigFile at line 1 column 1
PARSE	invalid type: integer `-5`, expected struct ConfigFile at line 1 column 2
PARSE	invalid type: floating point `1.5`, expected struct ConfigFile at line 1 column 3
PARSE	invalid type: string "x", expected struct ConfigFile at line 1 column 3
PARSE	invalid type: boolean `true`, expected struct ConfigFile at line 1 column 4
PARSE	invalid type: boolean `false`, expected struct ConfigFile at line 1 column 5
PARSE	EOF while parsing a value at line 1 column 3
PARSE	EOF while parsing a value at line 1 column 3
PARSE	missing field `backends` at line 1 column 2
PARSE	trailing characters at line 1 column 18
PARSE	trailing characters at line 1 column 17
PARSE	missing field `id` at line 1 column 16
PARSE	invalid type: integer `1`, expected struct BackendFile at line 1 column 15
PARSE	missing field `url` at line 1 column 25
PARSE	control character (\u0000-\u001F) found while parsing a string at line 1 column 35
PARSE	invalid escape at line 1 column 35
PARSE	invalid escape at line 1 column 39
PARSE	invalid escape at line 1 column 39
PARSE	unexpected end of hex escape at line 1 column 40
PARSE	unexpected end of hex escape at line 1 column 40
PARSE	lone leading surrogate in hex escape at line 1 column 45
PARSE	lone leading surrogate in hex escape at line 1 column 39
ERR	data_listen '😀' is not an address: invalid socket address syntax
PARSE	EOF while parsing a string at line 1 column 34
PARSE	invalid number at line 1 column 31
PARSE	invalid number at line 1 column 32
PARSE	invalid number at line 1 column 32
PARSE	invalid number at line 1 column 31
PARSE	invalid number at line 1 column 31
PARSE	number out of range at line 1 column 34
PARSE	invalid type: floating point `1500.0`, expected u64 at line 1 column 34
PARSE	invalid type: floating point `1e+20`, expected u64 at line 1 column 49
ERR	no backends are declared: a front door with nothing behind it can serve nothing
PARSE	invalid type: floating point `1.8446744073709552e+19`, expected u64 at line 1 column 49
PARSE	invalid type: floating point `-0.0`, expected u64 at line 1 column 31
PARSE	invalid type: floating point `0.0`, expected u64 at line 1 column 35
PARSE	EOF while parsing a value at line 1 column 31
PARSE	EOF while parsing a value at line 1 column 32
PARSE	invalid type: floating point `100000.0`, expected u64 at line 1 column 32
PARSE	invalid type: floating point `1.2345678901234568e+22`, expected u64 at line 1 column 54
PARSE	number out of range at line 1 column 72
PARSE	number out of range at line 1 column 41
PARSE	invalid type: floating point `0.0`, expected u64 at line 1 column 41
PARSE	unknown field `bogus`, expected one of `data_listen`, `admin_listen`, `admin_token_env`, `backends`, `keyspace`, `cadence`, `policy`, `silence_budget_ms`, `probe_timeout_ms`, `placement_capacity`, `read_preference`, `placement_store`, `drain_ms`, `decision_cooldown_ms` at line 3 column 9
PARSE	invalid type: integer `5`, expected a sequence at line 2 column 14
PARSE	invalid type: integer `7`, expected a string at line 4 column 8
PARSE	invalid type: integer `5`, expected a sequence at line 1 column 14
PARSE	invalid type: string "x", expected a sequence at line 1 column 16
PARSE	invalid type: map, expected a sequence at line 1 column 13
PARSE	invalid type: null, expected a sequence at line 1 column 17
PARSE	invalid type: boolean `true`, expected a sequence at line 1 column 17
PARSE	invalid type: floating point `-1.5`, expected a sequence at line 1 column 17
PARSE	invalid type: integer `5`, expected struct BackendFile at line 1 column 15
PARSE	invalid length 0, expected struct BackendFile with 5 elements at line 1 column 16
PARSE	invalid length 1, expected struct BackendFile with 5 elements at line 1 column 22
ERR	the keyspace declares no rules and no fallback, so no request has a route: declare a fallback for the single-instance case
OK	data=0.0.0.0:7710 admin=127.0.0.1:7711 token=admin-secret backends=[db-a|http://a:1|r|~|1/0,0] rules=[] fallback=1/0,0 span=1/0,0 topology=[1/0,0@db-a/r] read=Primary cadence=5000,15000,5000 policy=15000,0.8,1,0.85,8,2,60000,30000,300000,0.02 silence=15000 probe=2000 capacity=64 store=- drain=30000 cooldown=300000
PARSE	trailing characters at line 1 column 62
PARSE	invalid length 2, expected struct CellRef with 3 elements at line 1 column 55
PARSE	missing field `url` at line 1 column 28
PARSE	missing field `id` at line 1 column 33
PARSE	unknown field `extra`, expected one of `id`, `url`, `region`, `token_env`, `placements` at line 1 column 52
PARSE	duplicate field `id` at line 1 column 49
PARSE	invalid type: integer `5`, expected a string at line 1 column 22
PARSE	invalid type: null, expected a string at line 1 column 25
PARSE	invalid type: integer `5`, expected a string at line 1 column 59
ERR	the keyspace declares no rules and no fallback, so no request has a route: declare a fallback for the single-instance case
PARSE	invalid value: integer `256`, expected u8 at line 1 column 81
PARSE	invalid value: integer `-1`, expected u8 at line 1 column 80
PARSE	invalid type: floating point `1.0`, expected u8 at line 1 column 81
PARSE	invalid value: integer `-3`, expected u64 at line 1 column 72
PARSE	invalid type: string "1", expected u64 at line 1 column 73
PARSE	missing field `y` at line 1 column 80
PARSE	unknown field `z`, expected one of `shard`, `x`, `y` at line 1 column 92
PARSE	duplicate field `x` at line 1 column 92
PARSE	invalid type: map, expected a sequence at line 1 column 59
PARSE	invalid type: null, expected struct CellRef at line 1 column 64
PARSE	missing field `address_prefix` at line 1 column 56
PARSE	invalid type: map, expected a sequence at line 1 column 39
PARSE	invalid type: integer `5`, expected struct CellRef at line 1 column 43
PARSE	unknown field `other`, expected `rules` or `fallback` at line 1 column 37
PARSE	invalid type: integer `5`, expected struct KeyspaceFile at line 1 column 30
PARSE	unknown field `q`, expected one of `kind`, `address_prefix`, `shard`, `x`, `y` at line 1 column 109
PARSE	invalid type: string "5", expected u64 at line 1 column 53
PARSE	unknown field `liveness`, expected one of `liveness_probe_ms`, `telemetry_poll_ms`, `control_cycle_ms` at line 1 column 39
ERR	no backends are declared: a front door with nothing behind it can serve nothing
PARSE	trailing characters at line 1 column 39
PARSE	trailing comma at line 1 column 38
PARSE	expected `,` or `]` at line 1 column 32
PARSE	invalid type: string "high", expected f64 at line 1 column 52
PARSE	invalid type: floating point `1.5`, expected usize at line 1 column 47
PARSE	invalid value: integer `-2`, expected usize at line 1 column 46
ERR	no backends are declared: a front door with nothing behind it can serve nothing
PARSE	unknown field `retries`, expected one of `max_decision_age_ms`, `min_confidence`, `min_replicas`, `max_node_utilization`, `max_concurrent_actions`, `max_actions_per_node`, `phase_timeout_ms`, `measurement_settle_ms`, `measurement_deadline_ms`, `outcome_noise_floor` at line 1 column 37
PARSE	invalid length 1, expected struct PolicyFile with 10 elements at line 1 column 30
ERR	no backends are declared: a front door with nothing behind it can serve nothing
PARSE	invalid value: integer `-1`, expected u64 at line 1 column 40
PARSE	invalid type: string "x", expected u64 at line 1 column 41
PARSE	invalid type: null, expected u64 at line 1 column 41
PARSE	invalid type: floating point `2.5`, expected usize at line 1 column 42
PARSE	invalid type: integer `5`, expected a string at line 1 column 37
PARSE	invalid type: integer `7710`, expected a string at line 1 column 36
PARSE	invalid type: sequence, expected a string at line 1 column 36
PARSE	invalid type: map, expected u64 at line 1 column 41
ERR	no backends are declared: a front door with nothing behind it can serve nothing
PARSE	unknown variant `Primary`, expected one of `primary`, `any_fresh`, `prefer_region`, `any_copy` at line 1 column 45
PARSE	invalid type: unit variant, expected struct variant at line 1 column 52
ERR	no backends are declared: a front door with nothing behind it can serve nothing
PARSE	missing field `region` at line 1 column 56
PARSE	unknown field `zone`, expected `region` at line 1 column 76
ERR	no backends are declared: a front door with nothing behind it can serve nothing
PARSE	invalid type: null, expected struct variant ReadPreferenceFile::PreferRegion at line 1 column 58
ERR	no backends are declared: a front door with nothing behind it can serve nothing
PARSE	invalid type: integer `5`, expected unit at line 1 column 49
PARSE	unknown variant `bogus`, expected one of `primary`, `any_fresh`, `prefer_region`, `any_copy` at line 1 column 44
PARSE	expected value at line 1 column 38
PARSE	expected value at line 1 column 52
PARSE	expected `:` at line 1 column 48
PARSE	key must be a string at line 1 column 38
PARSE	expected value at line 1 column 37
PARSE	expected value at line 1 column 37
ERR	no backends are declared: a front door with nothing behind it can serve nothing
ERR	no backends are declared: a front door with nothing behind it can serve nothing
PARSE	EOF while parsing an object at line 1 column 53
PARSE	invalid type: unit variant, expected struct variant at line 1 column 52
PARSE	invalid type: unit variant, expected struct variant at line 1 column 51
PARSE	unknown variant `nope`, expected one of `primary`, `any_fresh`, `prefer_region`, `any_copy` at line 1 column 42
ERR	no backends are declared: a front door with nothing behind it can serve nothing
PARSE	missing field `backends` at line 1 column 28
PARSE	duplicate field `backends` at line 1 column 27
PARSE	duplicate field `cadence` at line 1 column 41
ERR	environment variable TOKEN is not set: the admin surface reports the fleet's shape and accepts reports about work in flight, so it is never served unauthenticated
ERR	environment variable TOKEN is not set: the admin surface reports the fleet's shape and accepts reports about work in flight, so it is never served unauthenticated
PARSE	trailing characters at line 1 column 92
OK	data=0.0.0.0:0 admin=127.0.0.1:7711 token=admin-secret backends=[db-a|http://a:1|default|~|1/0,0] rules=[] fallback=1/0,0 span=1/0,0 topology=[1/0,0@db-a/default] read=Primary cadence=5000,15000,5000 policy=15000,0.8,1,0.85,8,2,60000,30000,300000,0.02 silence=15000 probe=2000 capacity=64 store=- drain=30000 cooldown=300000
OK	data=0.0.0.0:7710 admin=0.0.0.0:0 token=admin-secret backends=[db-a|http://a:1|default|~|1/0,0] rules=[] fallback=1/0,0 span=1/0,0 topology=[1/0,0@db-a/default] read=Primary cadence=5000,15000,5000 policy=15000,0.8,1,0.85,8,2,60000,30000,300000,0.02 silence=15000 probe=2000 capacity=64 store=- drain=30000 cooldown=300000
OK	data=255.255.255.255:65535 admin=127.0.0.1:7711 token=admin-secret backends=[db-a|http://a:1|default|~|1/0,0] rules=[] fallback=1/0,0 span=1/0,0 topology=[1/0,0@db-a/default] read=Primary cadence=5000,15000,5000 policy=15000,0.8,1,0.85,8,2,60000,30000,300000,0.02 silence=15000 probe=2000 capacity=64 store=- drain=30000 cooldown=300000
OK	data=0.0.0.0:7710 admin=255.255.255.255:65535 token=admin-secret backends=[db-a|http://a:1|default|~|1/0,0] rules=[] fallback=1/0,0 span=1/0,0 topology=[1/0,0@db-a/default] read=Primary cadence=5000,15000,5000 policy=15000,0.8,1,0.85,8,2,60000,30000,300000,0.02 silence=15000 probe=2000 capacity=64 store=- drain=30000 cooldown=300000
ERR	data_listen '1.2.3.4:65536' is not an address: invalid socket address syntax
ERR	admin_listen '1.2.3.4:65536' is not an address: invalid socket address syntax
ERR	data_listen '01.2.3.4:80' is not an address: invalid socket address syntax
ERR	admin_listen '01.2.3.4:80' is not an address: invalid socket address syntax
OK	data=1.2.3.4:80 admin=127.0.0.1:7711 token=admin-secret backends=[db-a|http://a:1|default|~|1/0,0] rules=[] fallback=1/0,0 span=1/0,0 topology=[1/0,0@db-a/default] read=Primary cadence=5000,15000,5000 policy=15000,0.8,1,0.85,8,2,60000,30000,300000,0.02 silence=15000 probe=2000 capacity=64 store=- drain=30000 cooldown=300000
OK	data=0.0.0.0:7710 admin=1.2.3.4:80 token=admin-secret backends=[db-a|http://a:1|default|~|1/0,0] rules=[] fallback=1/0,0 span=1/0,0 topology=[1/0,0@db-a/default] read=Primary cadence=5000,15000,5000 policy=15000,0.8,1,0.85,8,2,60000,30000,300000,0.02 silence=15000 probe=2000 capacity=64 store=- drain=30000 cooldown=300000
ERR	data_listen '1.2.3:80' is not an address: invalid socket address syntax
ERR	admin_listen '1.2.3:80' is not an address: invalid socket address syntax
ERR	data_listen '1.2.3.4.5:80' is not an address: invalid socket address syntax
ERR	admin_listen '1.2.3.4.5:80' is not an address: invalid socket address syntax
ERR	data_listen '256.1.1.1:80' is not an address: invalid socket address syntax
ERR	admin_listen '256.1.1.1:80' is not an address: invalid socket address syntax
ERR	data_listen '1.2.3.4' is not an address: invalid socket address syntax
ERR	admin_listen '1.2.3.4' is not an address: invalid socket address syntax
ERR	data_listen '1.2.3.4:' is not an address: invalid socket address syntax
ERR	admin_listen '1.2.3.4:' is not an address: invalid socket address syntax
ERR	data_listen ':80' is not an address: invalid socket address syntax
ERR	admin_listen ':80' is not an address: invalid socket address syntax
ERR	data_listen 'localhost:80' is not an address: invalid socket address syntax
ERR	admin_listen 'localhost:80' is not an address: invalid socket address syntax
ERR	data_listen ' 1.2.3.4:80' is not an address: invalid socket address syntax
ERR	admin_listen ' 1.2.3.4:80' is not an address: invalid socket address syntax
ERR	data_listen '1.2.3.4:80 ' is not an address: invalid socket address syntax
ERR	admin_listen '1.2.3.4:80 ' is not an address: invalid socket address syntax
ERR	data_listen '1.2.3.4:+80' is not an address: invalid socket address syntax
ERR	admin_listen '1.2.3.4:+80' is not an address: invalid socket address syntax
ERR	data_listen '1.2.3.4:99999999999' is not an address: invalid socket address syntax
ERR	admin_listen '1.2.3.4:99999999999' is not an address: invalid socket address syntax
OK	data=[::]:80 admin=127.0.0.1:7711 token=admin-secret backends=[db-a|http://a:1|default|~|1/0,0] rules=[] fallback=1/0,0 span=1/0,0 topology=[1/0,0@db-a/default] read=Primary cadence=5000,15000,5000 policy=15000,0.8,1,0.85,8,2,60000,30000,300000,0.02 silence=15000 probe=2000 capacity=64 store=- drain=30000 cooldown=300000
OK	data=0.0.0.0:7710 admin=[::]:80 token=admin-secret backends=[db-a|http://a:1|default|~|1/0,0] rules=[] fallback=1/0,0 span=1/0,0 topology=[1/0,0@db-a/default] read=Primary cadence=5000,15000,5000 policy=15000,0.8,1,0.85,8,2,60000,30000,300000,0.02 silence=15000 probe=2000 capacity=64 store=- drain=30000 cooldown=300000
OK	data=[::1]:7711 admin=127.0.0.1:7711 token=admin-secret backends=[db-a|http://a:1|default|~|1/0,0] rules=[] fallback=1/0,0 span=1/0,0 topology=[1/0,0@db-a/default] read=Primary cadence=5000,15000,5000 policy=15000,0.8,1,0.85,8,2,60000,30000,300000,0.02 silence=15000 probe=2000 capacity=64 store=- drain=30000 cooldown=300000
OK	data=0.0.0.0:7710 admin=[::1]:7711 token=admin-secret backends=[db-a|http://a:1|default|~|1/0,0] rules=[] fallback=1/0,0 span=1/0,0 topology=[1/0,0@db-a/default] read=Primary cadence=5000,15000,5000 policy=15000,0.8,1,0.85,8,2,60000,30000,300000,0.02 silence=15000 probe=2000 capacity=64 store=- drain=30000 cooldown=300000
OK	data=[::ffff:1.2.3.4]:80 admin=127.0.0.1:7711 token=admin-secret backends=[db-a|http://a:1|default|~|1/0,0] rules=[] fallback=1/0,0 span=1/0,0 topology=[1/0,0@db-a/default] read=Primary cadence=5000,15000,5000 policy=15000,0.8,1,0.85,8,2,60000,30000,300000,0.02 silence=15000 probe=2000 capacity=64 store=- drain=30000 cooldown=300000
OK	data=0.0.0.0:7710 admin=[::ffff:1.2.3.4]:80 token=admin-secret backends=[db-a|http://a:1|default|~|1/0,0] rules=[] fallback=1/0,0 span=1/0,0 topology=[1/0,0@db-a/default] read=Primary cadence=5000,15000,5000 policy=15000,0.8,1,0.85,8,2,60000,30000,300000,0.02 silence=15000 probe=2000 capacity=64 store=- drain=30000 cooldown=300000
OK	data=[::ffff:1.2.3.4]:80 admin=127.0.0.1:7711 token=admin-secret backends=[db-a|http://a:1|default|~|1/0,0] rules=[] fallback=1/0,0 span=1/0,0 topology=[1/0,0@db-a/default] read=Primary cadence=5000,15000,5000 policy=15000,0.8,1,0.85,8,2,60000,30000,300000,0.02 silence=15000 probe=2000 capacity=64 store=- drain=30000 cooldown=300000
OK	data=0.0.0.0:7710 admin=[::ffff:1.2.3.4]:80 token=admin-secret backends=[db-a|http://a:1|default|~|1/0,0] rules=[] fallback=1/0,0 span=1/0,0 topology=[1/0,0@db-a/default] read=Primary cadence=5000,15000,5000 policy=15000,0.8,1,0.85,8,2,60000,30000,300000,0.02 silence=15000 probe=2000 capacity=64 store=- drain=30000 cooldown=300000
OK	data=[1:2:3:4:5:6:7:8]:1 admin=127.0.0.1:7711 token=admin-secret backends=[db-a|http://a:1|default|~|1/0,0] rules=[] fallback=1/0,0 span=1/0,0 topology=[1/0,0@db-a/default] read=Primary cadence=5000,15000,5000 policy=15000,0.8,1,0.85,8,2,60000,30000,300000,0.02 silence=15000 probe=2000 capacity=64 store=- drain=30000 cooldown=300000
OK	data=0.0.0.0:7710 admin=[1:2:3:4:5:6:7:8]:1 token=admin-secret backends=[db-a|http://a:1|default|~|1/0,0] rules=[] fallback=1/0,0 span=1/0,0 topology=[1/0,0@db-a/default] read=Primary cadence=5000,15000,5000 policy=15000,0.8,1,0.85,8,2,60000,30000,300000,0.02 silence=15000 probe=2000 capacity=64 store=- drain=30000 cooldown=300000
OK	data=[1:0:0:4::8]:1 admin=127.0.0.1:7711 token=admin-secret backends=[db-a|http://a:1|default|~|1/0,0] rules=[] fallback=1/0,0 span=1/0,0 topology=[1/0,0@db-a/default] read=Primary cadence=5000,15000,5000 policy=15000,0.8,1,0.85,8,2,60000,30000,300000,0.02 silence=15000 probe=2000 capacity=64 store=- drain=30000 cooldown=300000
OK	data=0.0.0.0:7710 admin=[1:0:0:4::8]:1 token=admin-secret backends=[db-a|http://a:1|default|~|1/0,0] rules=[] fallback=1/0,0 span=1/0,0 topology=[1/0,0@db-a/default] read=Primary cadence=5000,15000,5000 policy=15000,0.8,1,0.85,8,2,60000,30000,300000,0.02 silence=15000 probe=2000 capacity=64 store=- drain=30000 cooldown=300000
OK	data=[1:0:3:0:5:0:7:0]:1 admin=127.0.0.1:7711 token=admin-secret backends=[db-a|http://a:1|default|~|1/0,0] rules=[] fallback=1/0,0 span=1/0,0 topology=[1/0,0@db-a/default] read=Primary cadence=5000,15000,5000 policy=15000,0.8,1,0.85,8,2,60000,30000,300000,0.02 silence=15000 probe=2000 capacity=64 store=- drain=30000 cooldown=300000
OK	data=0.0.0.0:7710 admin=[1:0:3:0:5:0:7:0]:1 token=admin-secret backends=[db-a|http://a:1|default|~|1/0,0] rules=[] fallback=1/0,0 span=1/0,0 topology=[1/0,0@db-a/default] read=Primary cadence=5000,15000,5000 policy=15000,0.8,1,0.85,8,2,60000,30000,300000,0.02 silence=15000 probe=2000 capacity=64 store=- drain=30000 cooldown=300000
OK	data=[::1]:9 admin=127.0.0.1:7711 token=admin-secret backends=[db-a|http://a:1|default|~|1/0,0] rules=[] fallback=1/0,0 span=1/0,0 topology=[1/0,0@db-a/default] read=Primary cadence=5000,15000,5000 policy=15000,0.8,1,0.85,8,2,60000,30000,300000,0.02 silence=15000 probe=2000 capacity=64 store=- drain=30000 cooldown=300000
OK	data=0.0.0.0:7710 admin=[::1]:9 token=admin-secret backends=[db-a|http://a:1|default|~|1/0,0] rules=[] fallback=1/0,0 span=1/0,0 topology=[1/0,0@db-a/default] read=Primary cadence=5000,15000,5000 policy=15000,0.8,1,0.85,8,2,60000,30000,300000,0.02 silence=15000 probe=2000 capacity=64 store=- drain=30000 cooldown=300000
OK	data=[fe80::1%3]:80 admin=127.0.0.1:7711 token=admin-secret backends=[db-a|http://a:1|default|~|1/0,0] rules=[] fallback=1/0,0 span=1/0,0 topology=[1/0,0@db-a/default] read=Primary cadence=5000,15000,5000 policy=15000,0.8,1,0.85,8,2,60000,30000,300000,0.02 silence=15000 probe=2000 capacity=64 store=- drain=30000 cooldown=300000
OK	data=0.0.0.0:7710 admin=[fe80::1%3]:80 token=admin-secret backends=[db-a|http://a:1|default|~|1/0,0] rules=[] fallback=1/0,0 span=1/0,0 topology=[1/0,0@db-a/default] read=Primary cadence=5000,15000,5000 policy=15000,0.8,1,0.85,8,2,60000,30000,300000,0.02 silence=15000 probe=2000 capacity=64 store=- drain=30000 cooldown=300000
ERR	data_listen '[fe80::1%]:80' is not an address: invalid socket address syntax
ERR	admin_listen '[fe80::1%]:80' is not an address: invalid socket address syntax
ERR	data_listen '[fe80::1%x]:80' is not an address: invalid socket address syntax
ERR	admin_listen '[fe80::1%x]:80' is not an address: invalid socket address syntax
OK	data=[::102:304]:80 admin=127.0.0.1:7711 token=admin-secret backends=[db-a|http://a:1|default|~|1/0,0] rules=[] fallback=1/0,0 span=1/0,0 topology=[1/0,0@db-a/default] read=Primary cadence=5000,15000,5000 policy=15000,0.8,1,0.85,8,2,60000,30000,300000,0.02 silence=15000 probe=2000 capacity=64 store=- drain=30000 cooldown=300000
OK	data=0.0.0.0:7710 admin=[::102:304]:80 token=admin-secret backends=[db-a|http://a:1|default|~|1/0,0] rules=[] fallback=1/0,0 span=1/0,0 topology=[1/0,0@db-a/default] read=Primary cadence=5000,15000,5000 policy=15000,0.8,1,0.85,8,2,60000,30000,300000,0.02 silence=15000 probe=2000 capacity=64 store=- drain=30000 cooldown=300000
ERR	data_listen '[1::2::3]:80' is not an address: invalid socket address syntax
ERR	admin_listen '[1::2::3]:80' is not an address: invalid socket address syntax
ERR	data_listen '[1:2:3:4:5:6:7:8:9]:1' is not an address: invalid socket address syntax
ERR	admin_listen '[1:2:3:4:5:6:7:8:9]:1' is not an address: invalid socket address syntax
ERR	data_listen '[12345::]:1' is not an address: invalid socket address syntax
ERR	admin_listen '[12345::]:1' is not an address: invalid socket address syntax
ERR	data_listen '[::1]' is not an address: invalid socket address syntax
ERR	admin_listen '[::1]' is not an address: invalid socket address syntax
ERR	data_listen '::1:80' is not an address: invalid socket address syntax
ERR	admin_listen '::1:80' is not an address: invalid socket address syntax
OK	data=[fe80::abcd]:80 admin=127.0.0.1:7711 token=admin-secret backends=[db-a|http://a:1|default|~|1/0,0] rules=[] fallback=1/0,0 span=1/0,0 topology=[1/0,0@db-a/default] read=Primary cadence=5000,15000,5000 policy=15000,0.8,1,0.85,8,2,60000,30000,300000,0.02 silence=15000 probe=2000 capacity=64 store=- drain=30000 cooldown=300000
OK	data=0.0.0.0:7710 admin=[fe80::abcd]:80 token=admin-secret backends=[db-a|http://a:1|default|~|1/0,0] rules=[] fallback=1/0,0 span=1/0,0 topology=[1/0,0@db-a/default] read=Primary cadence=5000,15000,5000 policy=15000,0.8,1,0.85,8,2,60000,30000,300000,0.02 silence=15000 probe=2000 capacity=64 store=- drain=30000 cooldown=300000
OK	data=[1:2:3:4:5:6:102:304]:5 admin=127.0.0.1:7711 token=admin-secret backends=[db-a|http://a:1|default|~|1/0,0] rules=[] fallback=1/0,0 span=1/0,0 topology=[1/0,0@db-a/default] read=Primary cadence=5000,15000,5000 policy=15000,0.8,1,0.85,8,2,60000,30000,300000,0.02 silence=15000 probe=2000 capacity=64 store=- drain=30000 cooldown=300000
OK	data=0.0.0.0:7710 admin=[1:2:3:4:5:6:102:304]:5 token=admin-secret backends=[db-a|http://a:1|default|~|1/0,0] rules=[] fallback=1/0,0 span=1/0,0 topology=[1/0,0@db-a/default] read=Primary cadence=5000,15000,5000 policy=15000,0.8,1,0.85,8,2,60000,30000,300000,0.02 silence=15000 probe=2000 capacity=64 store=- drain=30000 cooldown=300000
ERR	data_listen '[1:2:3:4:5:6:7:1.2.3.4]:5' is not an address: invalid socket address syntax
ERR	admin_listen '[1:2:3:4:5:6:7:1.2.3.4]:5' is not an address: invalid socket address syntax
OK	data=[::ffff:1.2.3.4%7]:0 admin=127.0.0.1:7711 token=admin-secret backends=[db-a|http://a:1|default|~|1/0,0] rules=[] fallback=1/0,0 span=1/0,0 topology=[1/0,0@db-a/default] read=Primary cadence=5000,15000,5000 policy=15000,0.8,1,0.85,8,2,60000,30000,300000,0.02 silence=15000 probe=2000 capacity=64 store=- drain=30000 cooldown=300000
OK	data=0.0.0.0:7710 admin=[::ffff:1.2.3.4%7]:0 token=admin-secret backends=[db-a|http://a:1|default|~|1/0,0] rules=[] fallback=1/0,0 span=1/0,0 topology=[1/0,0@db-a/default] read=Primary cadence=5000,15000,5000 policy=15000,0.8,1,0.85,8,2,60000,30000,300000,0.02 silence=15000 probe=2000 capacity=64 store=- drain=30000 cooldown=300000
OK	data=[::ffff:1.2.3.4]:80 admin=127.0.0.1:7711 token=admin-secret backends=[db-a|http://a:1|default|~|1/0,0] rules=[] fallback=1/0,0 span=1/0,0 topology=[1/0,0@db-a/default] read=Primary cadence=5000,15000,5000 policy=15000,0.8,1,0.85,8,2,60000,30000,300000,0.02 silence=15000 probe=2000 capacity=64 store=- drain=30000 cooldown=300000
OK	data=0.0.0.0:7710 admin=[::ffff:1.2.3.4]:80 token=admin-secret backends=[db-a|http://a:1|default|~|1/0,0] rules=[] fallback=1/0,0 span=1/0,0 topology=[1/0,0@db-a/default] read=Primary cadence=5000,15000,5000 policy=15000,0.8,1,0.85,8,2,60000,30000,300000,0.02 silence=15000 probe=2000 capacity=64 store=- drain=30000 cooldown=300000
OK	data=[1::]:80 admin=127.0.0.1:7711 token=admin-secret backends=[db-a|http://a:1|default|~|1/0,0] rules=[] fallback=1/0,0 span=1/0,0 topology=[1/0,0@db-a/default] read=Primary cadence=5000,15000,5000 policy=15000,0.8,1,0.85,8,2,60000,30000,300000,0.02 silence=15000 probe=2000 capacity=64 store=- drain=30000 cooldown=300000
OK	data=0.0.0.0:7710 admin=[1::]:80 token=admin-secret backends=[db-a|http://a:1|default|~|1/0,0] rules=[] fallback=1/0,0 span=1/0,0 topology=[1/0,0@db-a/default] read=Primary cadence=5000,15000,5000 policy=15000,0.8,1,0.85,8,2,60000,30000,300000,0.02 silence=15000 probe=2000 capacity=64 store=- drain=30000 cooldown=300000
OK	data=[::2:0:0:0:3]:80 admin=127.0.0.1:7711 token=admin-secret backends=[db-a|http://a:1|default|~|1/0,0] rules=[] fallback=1/0,0 span=1/0,0 topology=[1/0,0@db-a/default] read=Primary cadence=5000,15000,5000 policy=15000,0.8,1,0.85,8,2,60000,30000,300000,0.02 silence=15000 probe=2000 capacity=64 store=- drain=30000 cooldown=300000
OK	data=0.0.0.0:7710 admin=[::2:0:0:0:3]:80 token=admin-secret backends=[db-a|http://a:1|default|~|1/0,0] rules=[] fallback=1/0,0 span=1/0,0 topology=[1/0,0@db-a/default] read=Primary cadence=5000,15000,5000 policy=15000,0.8,1,0.85,8,2,60000,30000,300000,0.02 silence=15000 probe=2000 capacity=64 store=- drain=30000 cooldown=300000
OK	data=[::1]:80 admin=127.0.0.1:7711 token=admin-secret backends=[db-a|http://a:1|default|~|1/0,0] rules=[] fallback=1/0,0 span=1/0,0 topology=[1/0,0@db-a/default] read=Primary cadence=5000,15000,5000 policy=15000,0.8,1,0.85,8,2,60000,30000,300000,0.02 silence=15000 probe=2000 capacity=64 store=- drain=30000 cooldown=300000
OK	data=0.0.0.0:7710 admin=[::1]:80 token=admin-secret backends=[db-a|http://a:1|default|~|1/0,0] rules=[] fallback=1/0,0 span=1/0,0 topology=[1/0,0@db-a/default] read=Primary cadence=5000,15000,5000 policy=15000,0.8,1,0.85,8,2,60000,30000,300000,0.02 silence=15000 probe=2000 capacity=64 store=- drain=30000 cooldown=300000
ERR	data_listen '[00000::1]:80' is not an address: invalid socket address syntax
ERR	admin_listen '[00000::1]:80' is not an address: invalid socket address syntax
ERR	no backends are declared: a front door with nothing behind it can serve nothing
ERR	a backend with an empty id cannot be routed to
ERR	a backend with an empty id cannot be routed to
ERR	a backend with an empty id cannot be routed to
ERR	backend 'a' is declared twice; two addresses for one identity is two different fleets
ERR	the keyspace declares no rules and no fallback, so no request has a route: declare a fallback for the single-instance case
ERR	environment variable T is not set: no API token for FacetQL instance 'a'
ERR	backend 'a' declares shard 1 (12,0), which is outside the 12x13 grid
ERR	backend 'a' declares shard 18446744073709551615 (0,13), which is outside the 12x13 grid
ERR	shard 1 (0,0) is declared on both 'a' and 'a'; a cell has exactly one holder, and moving it is a decision this daemon makes, not a thing declared twice
ERR	facetql endpoint misconfigured: FacetQL backend 'a' has a base URL that is not http(s): ftp://a
OK	data=0.0.0.0:7710 admin=127.0.0.1:7711 token=admin-secret backends=[a|  https://a///  |default|~|1/0,0] rules=[] fallback=1/0,0 span=1/0,0 topology=[1/0,0@a/default] read=Primary cadence=5000,15000,5000 policy=15000,0.8,1,0.85,8,2,60000,30000,300000,0.02 silence=15000 probe=2000 capacity=64 store=- drain=30000 cooldown=300000
ERR	facetql endpoint misconfigured: FacetQL backend 'a' has a base URL that is not http(s): 
ERR	facetql endpoint misconfigured: FacetQL backend 'a' has a base URL that is not http(s): HTTP://a
ERR	cell shard 1 (12,0) is not addressable: coordinate (12,0) is outside the 12x13 grid
ERR	cell shard 1 (12,0) is not addressable: coordinate (12,0) is outside the 12x13 grid
ERR	a keyspace rule must name a kind
ERR	the keyspace rule for kind 'P' must name a non-empty address prefix; use a fallback for 'everything else'
ERR	kind 'P' is declared by two keyspace rules
ERR	address prefix 'P:' is declared by two keyspace rules
OK	data=0.0.0.0:7710 admin=127.0.0.1:7711 token=admin-secret backends=[a|http://a|default|~|1/0,0 2/3,4] rules=[P / P:* -> 2/3,4;Q / Q:* -> 1/0,0] fallback=- span=- topology=[1/0,0@a/default 2/3,4@a/default] read=Primary cadence=5000,15000,5000 policy=15000,0.8,1,0.85,8,2,60000,30000,300000,0.02 silence=15000 probe=2000 capacity=64 store=- drain=30000 cooldown=300000
OK	data=0.0.0.0:7710 admin=127.0.0.1:7711 token=admin-secret backends=[a|http://a|default|~|1/0,0] rules=[P / P:* -> 1/0,0] fallback=1/0,0 span=1/0,0 topology=[1/0,0@a/default] read=Primary cadence=5000,15000,5000 policy=15000,0.8,1,0.85,8,2,60000,30000,300000,0.02 silence=15000 probe=2000 capacity=64 store=- drain=30000 cooldown=300000
ERR	the keyspace routes to shard 2 (0,0), which no backend declares a placement for: every request that resolved there would be misdirected
ERR	the keyspace declares no rules and no fallback, so no request has a route: declare a fallback for the single-instance case
ERR	the keyspace declares no rules and no fallback, so no request has a route: declare a fallback for the single-instance case
ERR	placement_store names 'zz', which is not a declared backend
ERR	environment variable B is not set: no API token for FacetQL instance 'b'
ERR	environment variable T is not set: no API token for FacetQL instance 'a'
OK	data=0.0.0.0:7710 admin=127.0.0.1:7711 token=second backends=[b|https://b|eu|bee|3/11,12] rules=[] fallback=3/11,12 span=3/11,12 topology=[3/11,12@b/eu] read=Primary cadence=5000,15000,5000 policy=15000,0.8,1,0.85,8,2,60000,30000,300000,0.02 silence=15000 probe=2000 capacity=64 store=b drain=30000 cooldown=300000
ERR	environment variable FABRIC_ADMIN_TOKEN is not set: the admin surface reports the fleet's shape and accepts reports about work in flight, so it is never served unauthenticated
ERR	environment variable OTHER is not set: the admin surface reports the fleet's shape and accepts reports about work in flight, so it is never served unauthenticated
ERR	liveness_probe_ms must be greater than zero
ERR	telemetry_poll_ms must be greater than zero
ERR	control_cycle_ms must be greater than zero
ERR	liveness_probe_ms must be greater than zero
OK	data=0.0.0.0:7710 admin=127.0.0.1:7711 token=admin-secret backends=[db-a|http://a:1|default|~|1/0,0] rules=[] fallback=1/0,0 span=1/0,0 topology=[1/0,0@db-a/default] read=Primary cadence=7,15000,5000 policy=15000,0.8,1,0.85,8,2,60000,30000,300000,0.02 silence=21 probe=2000 capacity=64 store=- drain=30000 cooldown=300000
OK	data=0.0.0.0:7710 admin=127.0.0.1:7711 token=admin-secret backends=[db-a|http://a:1|default|~|1/0,0] rules=[] fallback=1/0,0 span=1/0,0 topology=[1/0,0@db-a/default] read=Primary cadence=18446744073709551615,15000,5000 policy=15000,0.8,1,0.85,8,2,60000,30000,300000,0.02 silence=18446744073709551615 probe=2000 capacity=64 store=- drain=30000 cooldown=300000
OK	data=0.0.0.0:7710 admin=127.0.0.1:7711 token=admin-secret backends=[db-a|http://a:1|default|~|1/0,0] rules=[] fallback=1/0,0 span=1/0,0 topology=[1/0,0@db-a/default] read=Primary cadence=6148914691236517205,15000,5000 policy=15000,0.8,1,0.85,8,2,60000,30000,300000,0.02 silence=18446744073709551615 probe=2000 capacity=64 store=- drain=30000 cooldown=300000
OK	data=0.0.0.0:7710 admin=127.0.0.1:7711 token=admin-secret backends=[db-a|http://a:1|default|~|1/0,0] rules=[] fallback=1/0,0 span=1/0,0 topology=[1/0,0@db-a/default] read=Primary cadence=6148914691236517206,15000,5000 policy=15000,0.8,1,0.85,8,2,60000,30000,300000,0.02 silence=18446744073709551615 probe=2000 capacity=64 store=- drain=30000 cooldown=300000
OK	data=0.0.0.0:7710 admin=127.0.0.1:7711 token=admin-secret backends=[db-a|http://a:1|default|~|1/0,0] rules=[] fallback=1/0,0 span=1/0,0 topology=[1/0,0@db-a/default] read=Primary cadence=5000,15000,5000 policy=15000,0.8,1,0.85,8,2,60000,30000,300000,0.02 silence=5000 probe=2000 capacity=64 store=- drain=30000 cooldown=300000
ERR	silence_budget_ms (4999) is shorter than one probe interval (5000): every instance would be declared unreachable between probes
ERR	silence_budget_ms (0) is shorter than one probe interval (1): every instance would be declared unreachable between probes
OK	data=0.0.0.0:7710 admin=127.0.0.1:7711 token=admin-secret backends=[db-a|http://a:1|default|~|1/0,0] rules=[] fallback=1/0,0 span=1/0,0 topology=[1/0,0@db-a/default] read=Primary cadence=5000,15000,5000 policy=15000,0.8,1,0.85,8,2,60000,30000,300000,0.02 silence=15000 probe=2000 capacity=64 store=- drain=30000 cooldown=300000
OK	data=0.0.0.0:7710 admin=127.0.0.1:7711 token=admin-secret backends=[db-a|http://a:1|default|~|1/0,0] rules=[] fallback=1/0,0 span=1/0,0 topology=[1/0,0@db-a/default] read=Primary cadence=5000,15000,5000 policy=15000,0.8,1,0.85,8,2,60000,30000,300000,0.02 silence=15000 probe=1 capacity=64 store=- drain=30000 cooldown=300000
OK	data=0.0.0.0:7710 admin=127.0.0.1:7711 token=admin-secret backends=[db-a|http://a:1|default|~|1/0,0] rules=[] fallback=1/0,0 span=1/0,0 topology=[1/0,0@db-a/default] read=Primary cadence=5000,15000,5000 policy=15000,0.8,1,0.85,8,2,60000,30000,300000,0.02 silence=15000 probe=2000 capacity=1 store=- drain=30000 cooldown=300000
OK	data=0.0.0.0:7710 admin=127.0.0.1:7711 token=admin-secret backends=[db-a|http://a:1|default|~|1/0,0] rules=[] fallback=1/0,0 span=1/0,0 topology=[1/0,0@db-a/default] read=Primary cadence=5000,15000,5000 policy=15000,0.8,1,0.85,8,2,60000,30000,300000,0.02 silence=15000 probe=2000 capacity=18446744073709551615 store=- drain=30000 cooldown=300000
OK	data=0.0.0.0:7710 admin=127.0.0.1:7711 token=admin-secret backends=[db-a|http://a:1|default|~|1/0,0] rules=[] fallback=1/0,0 span=1/0,0 topology=[1/0,0@db-a/default] read=Primary cadence=5000,15000,5000 policy=15000,0.8,1,0.85,8,2,60000,30000,300000,0.02 silence=15000 probe=2000 capacity=64 store=- drain=0 cooldown=300000
OK	data=0.0.0.0:7710 admin=127.0.0.1:7711 token=admin-secret backends=[db-a|http://a:1|default|~|1/0,0] rules=[] fallback=1/0,0 span=1/0,0 topology=[1/0,0@db-a/default] read=Primary cadence=5000,15000,5000 policy=15000,0.8,1,0.85,8,2,60000,30000,300000,0.02 silence=15000 probe=2000 capacity=64 store=- drain=30000 cooldown=18446744073709551615
OK	data=0.0.0.0:7710 admin=127.0.0.1:7711 token=admin-secret backends=[db-a|http://a:1|default|~|1/0,0] rules=[] fallback=1/0,0 span=1/0,0 topology=[1/0,0@db-a/default] read=AnyCopy cadence=5000,15000,5000 policy=15000,0.8,1,0.85,8,2,60000,30000,300000,0.02 silence=15000 probe=2000 capacity=64 store=- drain=30000 cooldown=300000
OK	data=0.0.0.0:7710 admin=127.0.0.1:7711 token=admin-secret backends=[db-a|http://a:1|default|~|1/0,0] rules=[] fallback=1/0,0 span=1/0,0 topology=[1/0,0@db-a/default] read=PreferRegion: cadence=5000,15000,5000 policy=15000,0.8,1,0.85,8,2,60000,30000,300000,0.02 silence=15000 probe=2000 capacity=64 store=- drain=30000 cooldown=300000
OK	data=0.0.0.0:7710 admin=127.0.0.1:7711 token=admin-secret backends=[db-a|http://a:1|default|~|1/0,0] rules=[] fallback=1/0,0 span=1/0,0 topology=[1/0,0@db-a/default] read=Primary cadence=5000,15000,5000 policy=1,0.5,3,1.0,0,18446744073709551615,2,3,4,-0.0 silence=15000 probe=2000 capacity=64 store=- drain=30000 cooldown=300000
OK	data=0.0.0.0:7710 admin=127.0.0.1:7711 token=admin-secret backends=[db-a|http://a:1|default|~|1/0,0] rules=[] fallback=1/0,0 span=1/0,0 topology=[1/0,0@db-a/default] read=Primary cadence=5000,15000,5000 policy=15000,1e-7,1,0.85,8,2,60000,30000,300000,12345678.9 silence=15000 probe=2000 capacity=64 store=- drain=30000 cooldown=300000
OK	data=[::1]:7710 admin=[fe80::1%2]:7711 token=admin-secret backends=[db-a|http://a:1|default|~|1/0,0] rules=[] fallback=1/0,0 span=1/0,0 topology=[1/0,0@db-a/default] read=Primary cadence=5000,15000,5000 policy=15000,0.8,1,0.85,8,2,60000,30000,300000,0.02 silence=15000 probe=2000 capacity=64 store=- drain=30000 cooldown=300000
