true|true|serving (200)
true|true|serving (204)
true|true|serving (299)
true|false|answering 503
true|false|answering 404
true|false|answering 301
true|false|answering 100
false|false|unreachable: timed out
false|false|unreachable: connection refused or unresolvable
false|false|unreachable: 
false|false|unreachable: a|b
